src/components/ui/tabs.tsx(20,5): error TS1003: Identifier expected.
src/components/ui/tabs.tsx(21,4): error TS1109: Expression expected.
src/components/ui/tabs.tsx(22,1): error TS1109: Expression expected.
src/components/ui/tabs.tsx(22,2): error TS1005: ',' expected.
src/components/ui/tabs.tsx(23,9): error TS1005: ',' expected.
src/components/ui/tabs.tsx(35,5): error TS1003: Identifier expected.
src/components/ui/tabs.tsx(36,4): error TS1109: Expression expected.
src/components/ui/tabs.tsx(37,1): error TS1109: Expression expected.
src/components/ui/tabs.tsx(37,2): error TS1005: ',' expected.
src/components/ui/tabs.tsx(38,12): error TS1005: ',' expected.
src/components/ui/tabs.tsx(50,5): error TS1003: Identifier expected.
src/components/ui/tabs.tsx(51,4): error TS1109: Expression expected.
src/components/ui/tabs.tsx(52,1): error TS1109: Expression expected.
src/components/ui/tabs.tsx(52,2): error TS1005: ',' expected.
src/components/ui/tabs.tsx(53,12): error TS1005: ',' expected.
